============================================================
BIS RAG Engine - Vectorstore Builder
============================================================

Dataset: D:\bis-rag-engine\data\dataset.pdf
Output:  D:\bis-rag-engine\chromadb
  Loading embedding model: all-mpnet-base-v2...
Warning: You are sending unauthenticated requests to the HF Hub. Please set a HF_TOKEN to enable higher rate limits and faster downloads.
Loading weights:   0%|          | 0/199 [00:00<?, ?it/s]Loading weights: 100%|##########| 199/199 [00:00<00:00, 3994.79it/s]

Processing PDF: D:\bis-rag-engine\data\dataset.pdf
Step 1: Extracting text from PDF...
  Reading PDF: D:\bis-rag-engine\data\dataset.pdf
Ignoring wrong pointing object 2 65536 (offset 0)
Ignoring wrong pointing object 83 65536 (offset 0)
Ignoring wrong pointing object 89 65536 (offset 0)
Ignoring wrong pointing object 104 65536 (offset 0)
Ignoring wrong pointing object 117 65536 (offset 0)
Ignoring wrong pointing object 134 65536 (offset 0)
Ignoring wrong pointing object 140 65536 (offset 0)
Ignoring wrong pointing object 149 65536 (offset 0)
Ignoring wrong pointing object 155 65536 (offset 0)
Ignoring wrong pointing object 164 65536 (offset 0)
Ignoring wrong pointing object 170 65536 (offset 0)
Ignoring wrong pointing object 176 65536 (offset 0)
Ignoring wrong pointing object 182 65536 (offset 0)
Ignoring wrong pointing object 199 65536 (offset 0)
Ignoring wrong pointing object 208 65536 (offset 0)
Ignoring wrong pointing object 214 65536 (offset 0)
Ignoring wrong pointing object 223 65536 (offset 0)
Ignoring wrong pointing object 229 65536 (offset 0)
Ignoring wrong pointing object 236 65536 (offset 0)
Ignoring wrong pointing object 242 65536 (offset 0)
Ignoring wrong pointing object 248 65536 (offset 0)
Ignoring wrong pointing object 254 65536 (offset 0)
Ignoring wrong pointing object 284 65536 (offset 0)
Ignoring wrong pointing object 294 65536 (offset 0)
Ignoring wrong pointing object 321 65536 (offset 0)
Ignoring wrong pointing object 329 65536 (offset 0)
Ignoring wrong pointing object 335 65536 (offset 0)
Ignoring wrong pointing object 341 65536 (offset 0)
Ignoring wrong pointing object 347 65536 (offset 0)
Ignoring wrong pointing object 353 65536 (offset 0)
Ignoring wrong pointing object 359 65536 (offset 0)
Ignoring wrong pointing object 365 65536 (offset 0)
Ignoring wrong pointing object 377 65536 (offset 0)
Ignoring wrong pointing object 383 65536 (offset 0)
Ignoring wrong pointing object 394 65536 (offset 0)
Ignoring wrong pointing object 408 65536 (offset 0)
Ignoring wrong pointing object 414 65536 (offset 0)
Ignoring wrong pointing object 423 65536 (offset 0)
Ignoring wrong pointing object 429 65536 (offset 0)
Ignoring wrong pointing object 435 65536 (offset 0)
Ignoring wrong pointing object 441 65536 (offset 0)
Ignoring wrong pointing object 447 65536 (offset 0)
Ignoring wrong pointing object 453 65536 (offset 0)
Ignoring wrong pointing object 459 65536 (offset 0)
Ignoring wrong pointing object 465 65536 (offset 0)
Ignoring wrong pointing object 471 65536 (offset 0)
Ignoring wrong pointing object 477 65536 (offset 0)
Ignoring wrong pointing object 483 65536 (offset 0)
Ignoring wrong pointing object 489 65536 (offset 0)
Ignoring wrong pointing object 495 65536 (offset 0)
Ignoring wrong pointing object 501 65536 (offset 0)
Ignoring wrong pointing object 507 65536 (offset 0)
Ignoring wrong pointing object 513 65536 (offset 0)
Ignoring wrong pointing object 519 65536 (offset 0)
Ignoring wrong pointing object 525 65536 (offset 0)
Ignoring wrong pointing object 531 65536 (offset 0)
Ignoring wrong pointing object 547 65536 (offset 0)
Ignoring wrong pointing object 560 65536 (offset 0)
Ignoring wrong pointing object 573 65536 (offset 0)
Ignoring wrong pointing object 586 65536 (offset 0)
Ignoring wrong pointing object 599 65536 (offset 0)
Ignoring wrong pointing object 605 65536 (offset 0)
Ignoring wrong pointing object 617 65536 (offset 0)
Ignoring wrong pointing object 623 65536 (offset 0)
Ignoring wrong pointing object 634 65536 (offset 0)
Ignoring wrong pointing object 640 65536 (offset 0)
Ignoring wrong pointing object 646 65536 (offset 0)
Ignoring wrong pointing object 652 65536 (offset 0)
Ignoring wrong pointing object 658 65536 (offset 0)
Ignoring wrong pointing object 664 65536 (offset 0)
Ignoring wrong pointing object 670 65536 (offset 0)
Ignoring wrong pointing object 677 65536 (offset 0)
Ignoring wrong pointing object 683 65536 (offset 0)
Ignoring wrong pointing object 689 65536 (offset 0)
Ignoring wrong pointing object 695 65536 (offset 0)
Ignoring wrong pointing object 701 65536 (offset 0)
Ignoring wrong pointing object 707 65536 (offset 0)
Ignoring wrong pointing object 713 65536 (offset 0)
Ignoring wrong pointing object 719 65536 (offset 0)
Ignoring wrong pointing object 725 65536 (offset 0)
Ignoring wrong pointing object 736 65536 (offset 0)
Ignoring wrong pointing object 742 65536 (offset 0)
Ignoring wrong pointing object 748 65536 (offset 0)
Ignoring wrong pointing object 757 65536 (offset 0)
Ignoring wrong pointing object 763 65536 (offset 0)
Ignoring wrong pointing object 770 65536 (offset 0)
Ignoring wrong pointing object 776 65536 (offset 0)
Ignoring wrong pointing object 782 65536 (offset 0)
Ignoring wrong pointing object 788 65536 (offset 0)
Ignoring wrong pointing object 794 65536 (offset 0)
Ignoring wrong pointing object 800 65536 (offset 0)
Ignoring wrong pointing object 806 65536 (offset 0)
Ignoring wrong pointing object 812 65536 (offset 0)
Ignoring wrong pointing object 818 65536 (offset 0)
Ignoring wrong pointing object 824 65536 (offset 0)
Ignoring wrong pointing object 836 65536 (offset 0)
Ignoring wrong pointing object 845 65536 (offset 0)
Ignoring wrong pointing object 853 65536 (offset 0)
Ignoring wrong pointing object 860 65536 (offset 0)
Ignoring wrong pointing object 866 65536 (offset 0)
Ignoring wrong pointing object 872 65536 (offset 0)
Ignoring wrong pointing object 879 65536 (offset 0)
Ignoring wrong pointing object 885 65536 (offset 0)
Ignoring wrong pointing object 891 65536 (offset 0)
Ignoring wrong pointing object 897 65536 (offset 0)
Ignoring wrong pointing object 903 65536 (offset 0)
Ignoring wrong pointing object 909 65536 (offset 0)
Ignoring wrong pointing object 924 65536 (offset 0)
Ignoring wrong pointing object 930 65536 (offset 0)
Ignoring wrong pointing object 936 65536 (offset 0)
Ignoring wrong pointing object 942 65536 (offset 0)
Ignoring wrong pointing object 952 65536 (offset 0)
Ignoring wrong pointing object 961 65536 (offset 0)
Ignoring wrong pointing object 967 65536 (offset 0)
Ignoring wrong pointing object 973 65536 (offset 0)
Ignoring wrong pointing object 980 65536 (offset 0)
Ignoring wrong pointing object 986 65536 (offset 0)
Ignoring wrong pointing object 992 65536 (offset 0)
Ignoring wrong pointing object 998 65536 (offset 0)
Ignoring wrong pointing object 1004 65536 (offset 0)
Ignoring wrong pointing object 1010 65536 (offset 0)
Ignoring wrong pointing object 1016 65536 (offset 0)
Ignoring wrong pointing object 1022 65536 (offset 0)
Ignoring wrong pointing object 1032 65536 (offset 0)
Ignoring wrong pointing object 1041 65536 (offset 0)
Ignoring wrong pointing object 1047 65536 (offset 0)
Ignoring wrong pointing object 1053 65536 (offset 0)
Ignoring wrong pointing object 1059 65536 (offset 0)
Ignoring wrong pointing object 1068 65536 (offset 0)
Ignoring wrong pointing object 1074 65536 (offset 0)
Ignoring wrong pointing object 1081 65536 (offset 0)
Ignoring wrong pointing object 1087 65536 (offset 0)
Ignoring wrong pointing object 1093 65536 (offset 0)
Ignoring wrong pointing object 1099 65536 (offset 0)
Ignoring wrong pointing object 1105 65536 (offset 0)
Ignoring wrong pointing object 1111 65536 (offset 0)
Ignoring wrong pointing object 1117 65536 (offset 0)
Ignoring wrong pointing object 1126 65536 (offset 0)
Ignoring wrong pointing object 1132 65536 (offset 0)
Ignoring wrong pointing object 1138 65536 (offset 0)
Ignoring wrong pointing object 1144 65536 (offset 0)
Ignoring wrong pointing object 1150 65536 (offset 0)
Ignoring wrong pointing object 1156 65536 (offset 0)
Ignoring wrong pointing object 1162 65536 (offset 0)
Ignoring wrong pointing object 1168 65536 (offset 0)
Ignoring wrong pointing object 1176 65536 (offset 0)
Ignoring wrong pointing object 1187 65536 (offset 0)
Ignoring wrong pointing object 1193 65536 (offset 0)
Ignoring wrong pointing object 1199 65536 (offset 0)
Ignoring wrong pointing object 1206 65536 (offset 0)
Ignoring wrong pointing object 1213 65536 (offset 0)
Ignoring wrong pointing object 1219 65536 (offset 0)
Ignoring wrong pointing object 1225 65536 (offset 0)
Ignoring wrong pointing object 1231 65536 (offset 0)
Ignoring wrong pointing object 1237 65536 (offset 0)
Ignoring wrong pointing object 1245 65536 (offset 0)
Ignoring wrong pointing object 1251 65536 (offset 0)
Ignoring wrong pointing object 1259 65536 (offset 0)
Ignoring wrong pointing object 1270 65536 (offset 0)
Ignoring wrong pointing object 1277 65536 (offset 0)
Ignoring wrong pointing object 1283 65536 (offset 0)
Ignoring wrong pointing object 1289 65536 (offset 0)
Ignoring wrong pointing object 1295 65536 (offset 0)
Ignoring wrong pointing object 1301 65536 (offset 0)
Ignoring wrong pointing object 1307 65536 (offset 0)
Ignoring wrong pointing object 1318 65536 (offset 0)
Ignoring wrong pointing object 1324 65536 (offset 0)
Ignoring wrong pointing object 1330 65536 (offset 0)
Ignoring wrong pointing object 1336 65536 (offset 0)
Ignoring wrong pointing object 1342 65536 (offset 0)
Ignoring wrong pointing object 1348 65536 (offset 0)
Ignoring wrong pointing object 1355 65536 (offset 0)
Ignoring wrong pointing object 1361 65536 (offset 0)
Ignoring wrong pointing object 1367 65536 (offset 0)
Ignoring wrong pointing object 1373 65536 (offset 0)
Ignoring wrong pointing object 1379 65536 (offset 0)
Ignoring wrong pointing object 1391 65536 (offset 0)
Ignoring wrong pointing object 1397 65536 (offset 0)
Ignoring wrong pointing object 1403 65536 (offset 0)
Ignoring wrong pointing object 1409 65536 (offset 0)
Ignoring wrong pointing object 1415 65536 (offset 0)
Ignoring wrong pointing object 1421 65536 (offset 0)
Ignoring wrong pointing object 1427 65536 (offset 0)
Ignoring wrong pointing object 1435 65536 (offset 0)
Ignoring wrong pointing object 1446 65536 (offset 0)
Ignoring wrong pointing object 1462 65536 (offset 0)
Ignoring wrong pointing object 1471 65536 (offset 0)
Ignoring wrong pointing object 1480 65536 (offset 0)
Ignoring wrong pointing object 1486 65536 (offset 0)
Ignoring wrong pointing object 1492 65536 (offset 0)
Ignoring wrong pointing object 1498 65536 (offset 0)
Ignoring wrong pointing object 1504 65536 (offset 0)
Ignoring wrong pointing object 1512 65536 (offset 0)
Ignoring wrong pointing object 1518 65536 (offset 0)
Ignoring wrong pointing object 1524 65536 (offset 0)
Ignoring wrong pointing object 1530 65536 (offset 0)
Ignoring wrong pointing object 1536 65536 (offset 0)
Ignoring wrong pointing object 1542 65536 (offset 0)
Ignoring wrong pointing object 1548 65536 (offset 0)
Ignoring wrong pointing object 1558 65536 (offset 0)
Ignoring wrong pointing object 1569 65536 (offset 0)
Ignoring wrong pointing object 1575 65536 (offset 0)
Ignoring wrong pointing object 1584 65536 (offset 0)
Ignoring wrong pointing object 1590 65536 (offset 0)
Ignoring wrong pointing object 1596 65536 (offset 0)
Ignoring wrong pointing object 1602 65536 (offset 0)
Ignoring wrong pointing object 1608 65536 (offset 0)
Ignoring wrong pointing object 1614 65536 (offset 0)
Ignoring wrong pointing object 1621 65536 (offset 0)
Ignoring wrong pointing object 1627 65536 (offset 0)
Ignoring wrong pointing object 1633 65536 (offset 0)
Ignoring wrong pointing object 1639 65536 (offset 0)
Ignoring wrong pointing object 1650 65536 (offset 0)
Ignoring wrong pointing object 1656 65536 (offset 0)
Ignoring wrong pointing object 1662 65536 (offset 0)
Ignoring wrong pointing object 1671 65536 (offset 0)
Ignoring wrong pointing object 1679 65536 (offset 0)
Ignoring wrong pointing object 1685 65536 (offset 0)
Ignoring wrong pointing object 1694 65536 (offset 0)
Ignoring wrong pointing object 1710 65536 (offset 0)
Ignoring wrong pointing object 1716 65536 (offset 0)
Ignoring wrong pointing object 1722 65536 (offset 0)
Ignoring wrong pointing object 1728 65536 (offset 0)
Ignoring wrong pointing object 1735 65536 (offset 0)
Ignoring wrong pointing object 1741 65536 (offset 0)
Ignoring wrong pointing object 1747 65536 (offset 0)
Ignoring wrong pointing object 1757 65536 (offset 0)
Ignoring wrong pointing object 1763 65536 (offset 0)
Ignoring wrong pointing object 1769 65536 (offset 0)
Ignoring wrong pointing object 1775 65536 (offset 0)
Ignoring wrong pointing object 1781 65536 (offset 0)
Ignoring wrong pointing object 1787 65536 (offset 0)
Ignoring wrong pointing object 1793 65536 (offset 0)
Ignoring wrong pointing object 1799 65536 (offset 0)
Ignoring wrong pointing object 1807 65536 (offset 0)
Ignoring wrong pointing object 1813 65536 (offset 0)
Ignoring wrong pointing object 1819 65536 (offset 0)
Ignoring wrong pointing object 1825 65536 (offset 0)
Ignoring wrong pointing object 1831 65536 (offset 0)
Ignoring wrong pointing object 1839 65536 (offset 0)
Ignoring wrong pointing object 1845 65536 (offset 0)
Ignoring wrong pointing object 1851 65536 (offset 0)
Ignoring wrong pointing object 1862 65536 (offset 0)
Ignoring wrong pointing object 1868 65536 (offset 0)
Ignoring wrong pointing object 1882 65536 (offset 0)
Ignoring wrong pointing object 1888 65536 (offset 0)
Ignoring wrong pointing object 1898 65536 (offset 0)
Ignoring wrong pointing object 1904 65536 (offset 0)
Ignoring wrong pointing object 1910 65536 (offset 0)
Ignoring wrong pointing object 1916 65536 (offset 0)
Ignoring wrong pointing object 1922 65536 (offset 0)
Ignoring wrong pointing object 1930 65536 (offset 0)
Ignoring wrong pointing object 1941 65536 (offset 0)
Ignoring wrong pointing object 1947 65536 (offset 0)
Ignoring wrong pointing object 1955 65536 (offset 0)
Ignoring wrong pointing object 1961 65536 (offset 0)
Ignoring wrong pointing object 1968 65536 (offset 0)
Ignoring wrong pointing object 1974 65536 (offset 0)
Ignoring wrong pointing object 1980 65536 (offset 0)
Ignoring wrong pointing object 1986 65536 (offset 0)
Ignoring wrong pointing object 1995 65536 (offset 0)
Ignoring wrong pointing object 2004 65536 (offset 0)
Ignoring wrong pointing object 2010 65536 (offset 0)
Ignoring wrong pointing object 2017 65536 (offset 0)
Ignoring wrong pointing object 2023 65536 (offset 0)
Ignoring wrong pointing object 2031 65536 (offset 0)
Ignoring wrong pointing object 2042 65536 (offset 0)
Ignoring wrong pointing object 2048 65536 (offset 0)
Ignoring wrong pointing object 2054 65536 (offset 0)
Ignoring wrong pointing object 2060 65536 (offset 0)
Ignoring wrong pointing object 2066 65536 (offset 0)
Ignoring wrong pointing object 2072 65536 (offset 0)
Ignoring wrong pointing object 2078 65536 (offset 0)
Ignoring wrong pointing object 2084 65536 (offset 0)
Ignoring wrong pointing object 2090 65536 (offset 0)
Ignoring wrong pointing object 2104 65536 (offset 0)
Ignoring wrong pointing object 2110 65536 (offset 0)
Ignoring wrong pointing object 2123 65536 (offset 0)
Ignoring wrong pointing object 2137 65536 (offset 0)
Ignoring wrong pointing object 2143 65536 (offset 0)
Ignoring wrong pointing object 2149 65536 (offset 0)
Ignoring wrong pointing object 2155 65536 (offset 0)
Ignoring wrong pointing object 2161 65536 (offset 0)
Ignoring wrong pointing object 2167 65536 (offset 0)
Ignoring wrong pointing object 2173 65536 (offset 0)
Ignoring wrong pointing object 2179 65536 (offset 0)
Ignoring wrong pointing object 2192 65536 (offset 0)
Ignoring wrong pointing object 2198 65536 (offset 0)
Ignoring wrong pointing object 2215 65536 (offset 0)
Ignoring wrong pointing object 2221 65536 (offset 0)
Ignoring wrong pointing object 2227 65536 (offset 0)
Ignoring wrong pointing object 2236 65536 (offset 0)
Ignoring wrong pointing object 2242 65536 (offset 0)
Ignoring wrong pointing object 2248 65536 (offset 0)
Ignoring wrong pointing object 2254 65536 (offset 0)
Ignoring wrong pointing object 2260 65536 (offset 0)
Ignoring wrong pointing object 2266 65536 (offset 0)
Ignoring wrong pointing object 2272 65536 (offset 0)
Ignoring wrong pointing object 2278 65536 (offset 0)
Ignoring wrong pointing object 2288 65536 (offset 0)
Ignoring wrong pointing object 2298 65536 (offset 0)
Ignoring wrong pointing object 2306 65536 (offset 0)
Ignoring wrong pointing object 2314 65536 (offset 0)
Ignoring wrong pointing object 2320 65536 (offset 0)
Ignoring wrong pointing object 2328 65536 (offset 0)
Ignoring wrong pointing object 2334 65536 (offset 0)
Ignoring wrong pointing object 2340 65536 (offset 0)
Ignoring wrong pointing object 2346 65536 (offset 0)
Ignoring wrong pointing object 2352 65536 (offset 0)
Ignoring wrong pointing object 2358 65536 (offset 0)
Ignoring wrong pointing object 2377 65536 (offset 0)
Ignoring wrong pointing object 2388 65536 (offset 0)
Ignoring wrong pointing object 2394 65536 (offset 0)
Ignoring wrong pointing object 2400 65536 (offset 0)
Ignoring wrong pointing object 2406 65536 (offset 0)
Ignoring wrong pointing object 2412 65536 (offset 0)
Ignoring wrong pointing object 2418 65536 (offset 0)
Ignoring wrong pointing object 2426 65536 (offset 0)
Ignoring wrong pointing object 2432 65536 (offset 0)
Ignoring wrong pointing object 2438 65536 (offset 0)
Ignoring wrong pointing object 2444 65536 (offset 0)
Ignoring wrong pointing object 2450 65536 (offset 0)
Ignoring wrong pointing object 2459 65536 (offset 0)
Ignoring wrong pointing object 2465 65536 (offset 0)
Ignoring wrong pointing object 2471 65536 (offset 0)
Ignoring wrong pointing object 2477 65536 (offset 0)
Ignoring wrong pointing object 2483 65536 (offset 0)
Ignoring wrong pointing object 2489 65536 (offset 0)
Ignoring wrong pointing object 2502 65536 (offset 0)
Ignoring wrong pointing object 2508 65536 (offset 0)
Ignoring wrong pointing object 2524 65536 (offset 0)
Ignoring wrong pointing object 2532 65536 (offset 0)
Ignoring wrong pointing object 2538 65536 (offset 0)
Ignoring wrong pointing object 2546 65536 (offset 0)
Ignoring wrong pointing object 2552 65536 (offset 0)
Ignoring wrong pointing object 2558 65536 (offset 0)
Ignoring wrong pointing object 2564 65536 (offset 0)
Ignoring wrong pointing object 2570 65536 (offset 0)
Ignoring wrong pointing object 2578 65536 (offset 0)
Ignoring wrong pointing object 2591 65536 (offset 0)
Ignoring wrong pointing object 2597 65536 (offset 0)
Ignoring wrong pointing object 2603 65536 (offset 0)
Ignoring wrong pointing object 2609 65536 (offset 0)
Ignoring wrong pointing object 2615 65536 (offset 0)
Ignoring wrong pointing object 2624 65536 (offset 0)
Ignoring wrong pointing object 2637 65536 (offset 0)
Ignoring wrong pointing object 2644 65536 (offset 0)
Ignoring wrong pointing object 2650 65536 (offset 0)
Ignoring wrong pointing object 2656 65536 (offset 0)
Ignoring wrong pointing object 2662 65536 (offset 0)
Ignoring wrong pointing object 2668 65536 (offset 0)
Ignoring wrong pointing object 2674 65536 (offset 0)
Ignoring wrong pointing object 2680 65536 (offset 0)
Ignoring wrong pointing object 2686 65536 (offset 0)
Ignoring wrong pointing object 2692 65536 (offset 0)
Ignoring wrong pointing object 2698 65536 (offset 0)
Ignoring wrong pointing object 2704 65536 (offset 0)
Ignoring wrong pointing object 2710 65536 (offset 0)
Ignoring wrong pointing object 2716 65536 (offset 0)
Ignoring wrong pointing object 2722 65536 (offset 0)
Ignoring wrong pointing object 2728 65536 (offset 0)
Ignoring wrong pointing object 2737 65536 (offset 0)
Ignoring wrong pointing object 2750 65536 (offset 0)
Ignoring wrong pointing object 2763 65536 (offset 0)
Ignoring wrong pointing object 2769 65536 (offset 0)
Ignoring wrong pointing object 2775 65536 (offset 0)
Ignoring wrong pointing object 2781 65536 (offset 0)
Ignoring wrong pointing object 2794 65536 (offset 0)
Ignoring wrong pointing object 2801 65536 (offset 0)
Ignoring wrong pointing object 2807 65536 (offset 0)
Ignoring wrong pointing object 2814 65536 (offset 0)
Ignoring wrong pointing object 2820 65536 (offset 0)
Ignoring wrong pointing object 2835 65536 (offset 0)
Ignoring wrong pointing object 2842 65536 (offset 0)
Ignoring wrong pointing object 2852 65536 (offset 0)
Ignoring wrong pointing object 2859 65536 (offset 0)
Ignoring wrong pointing object 2875 65536 (offset 0)
Ignoring wrong pointing object 2882 65536 (offset 0)
Ignoring wrong pointing object 2888 65536 (offset 0)
Ignoring wrong pointing object 2894 65536 (offset 0)
Ignoring wrong pointing object 2900 65536 (offset 0)
Ignoring wrong pointing object 2908 65536 (offset 0)
Ignoring wrong pointing object 2914 65536 (offset 0)
Ignoring wrong pointing object 2920 65536 (offset 0)
Ignoring wrong pointing object 2926 65536 (offset 0)
Ignoring wrong pointing object 2938 65536 (offset 0)
Ignoring wrong pointing object 2944 65536 (offset 0)
Ignoring wrong pointing object 2950 65536 (offset 0)
Ignoring wrong pointing object 2956 65536 (offset 0)
Ignoring wrong pointing object 2962 65536 (offset 0)
Ignoring wrong pointing object 2968 65536 (offset 0)
Ignoring wrong pointing object 2975 65536 (offset 0)
Ignoring wrong pointing object 2981 65536 (offset 0)
Ignoring wrong pointing object 2989 65536 (offset 0)
Ignoring wrong pointing object 2995 65536 (offset 0)
Ignoring wrong pointing object 3006 65536 (offset 0)
Ignoring wrong pointing object 3012 65536 (offset 0)
Ignoring wrong pointing object 3018 65536 (offset 0)
Ignoring wrong pointing object 3025 65536 (offset 0)
Ignoring wrong pointing object 3034 65536 (offset 0)
Ignoring wrong pointing object 3047 65536 (offset 0)
Ignoring wrong pointing object 3059 65536 (offset 0)
Ignoring wrong pointing object 3070 65536 (offset 0)
Ignoring wrong pointing object 3076 65536 (offset 0)
Ignoring wrong pointing object 3082 65536 (offset 0)
Ignoring wrong pointing object 3097 65536 (offset 0)
Ignoring wrong pointing object 3103 65536 (offset 0)
Ignoring wrong pointing object 3119 65536 (offset 0)
Ignoring wrong pointing object 3125 65536 (offset 0)
Ignoring wrong pointing object 3133 65536 (offset 0)
Ignoring wrong pointing object 3140 65536 (offset 0)
Ignoring wrong pointing object 3146 65536 (offset 0)
Ignoring wrong pointing object 3152 65536 (offset 0)
Ignoring wrong pointing object 3158 65536 (offset 0)
Ignoring wrong pointing object 3164 65536 (offset 0)
Ignoring wrong pointing object 3170 65536 (offset 0)
Ignoring wrong pointing object 3179 65536 (offset 0)
Ignoring wrong pointing object 3185 65536 (offset 0)
Ignoring wrong pointing object 3191 65536 (offset 0)
Ignoring wrong pointing object 3197 65536 (offset 0)
Ignoring wrong pointing object 3203 65536 (offset 0)
Ignoring wrong pointing object 3211 65536 (offset 0)
Ignoring wrong pointing object 3217 65536 (offset 0)
Ignoring wrong pointing object 3223 65536 (offset 0)
Ignoring wrong pointing object 3229 65536 (offset 0)
Ignoring wrong pointing object 3235 65536 (offset 0)
Ignoring wrong pointing object 3241 65536 (offset 0)
Ignoring wrong pointing object 3247 65536 (offset 0)
Ignoring wrong pointing object 3253 65536 (offset 0)
Ignoring wrong pointing object 3267 65536 (offset 0)
Ignoring wrong pointing object 3273 65536 (offset 0)
Ignoring wrong pointing object 3279 65536 (offset 0)
Ignoring wrong pointing object 3285 65536 (offset 0)
Ignoring wrong pointing object 3291 65536 (offset 0)
Ignoring wrong pointing object 3298 65536 (offset 0)
Ignoring wrong pointing object 3305 65536 (offset 0)
Ignoring wrong pointing object 3312 65536 (offset 0)
Ignoring wrong pointing object 3319 65536 (offset 0)
Ignoring wrong pointing object 3325 65536 (offset 0)
Ignoring wrong pointing object 3331 65536 (offset 0)
Ignoring wrong pointing object 3339 65536 (offset 0)
Ignoring wrong pointing object 3346 65536 (offset 0)
Ignoring wrong pointing object 3353 65536 (offset 0)
Ignoring wrong pointing object 3360 65536 (offset 0)
Ignoring wrong pointing object 3366 65536 (offset 0)
Ignoring wrong pointing object 3373 65536 (offset 0)
Ignoring wrong pointing object 3380 65536 (offset 0)
Ignoring wrong pointing object 3387 65536 (offset 0)
Ignoring wrong pointing object 3394 65536 (offset 0)
Ignoring wrong pointing object 3402 65536 (offset 0)
Ignoring wrong pointing object 3413 65536 (offset 0)
Ignoring wrong pointing object 3420 65536 (offset 0)
Ignoring wrong pointing object 3426 65536 (offset 0)
Ignoring wrong pointing object 3433 65536 (offset 0)
Ignoring wrong pointing object 3440 65536 (offset 0)
Ignoring wrong pointing object 3446 65536 (offset 0)
Ignoring wrong pointing object 3453 65536 (offset 0)
Ignoring wrong pointing object 3459 65536 (offset 0)
Ignoring wrong pointing object 3466 65536 (offset 0)
Ignoring wrong pointing object 3473 65536 (offset 0)
Ignoring wrong pointing object 3479 65536 (offset 0)
Ignoring wrong pointing object 3485 65536 (offset 0)
Ignoring wrong pointing object 3491 65536 (offset 0)
Ignoring wrong pointing object 3498 65536 (offset 0)
Ignoring wrong pointing object 3504 65536 (offset 0)
Ignoring wrong pointing object 3510 65536 (offset 0)
Ignoring wrong pointing object 3516 65536 (offset 0)
Ignoring wrong pointing object 3522 65536 (offset 0)
Ignoring wrong pointing object 3528 65536 (offset 0)
Ignoring wrong pointing object 3534 65536 (offset 0)
Ignoring wrong pointing object 3540 65536 (offset 0)
Ignoring wrong pointing object 3546 65536 (offset 0)
Ignoring wrong pointing object 3552 65536 (offset 0)
Ignoring wrong pointing object 3558 65536 (offset 0)
Ignoring wrong pointing object 3564 65536 (offset 0)
Ignoring wrong pointing object 3573 65536 (offset 0)
Ignoring wrong pointing object 3579 65536 (offset 0)
Ignoring wrong pointing object 3585 65536 (offset 0)
Ignoring wrong pointing object 3591 65536 (offset 0)
Ignoring wrong pointing object 3597 65536 (offset 0)
Ignoring wrong pointing object 3603 65536 (offset 0)
Ignoring wrong pointing object 3609 65536 (offset 0)
Ignoring wrong pointing object 3615 65536 (offset 0)
Ignoring wrong pointing object 3621 65536 (offset 0)
Ignoring wrong pointing object 3627 65536 (offset 0)
Ignoring wrong pointing object 3633 65536 (offset 0)
Ignoring wrong pointing object 3639 65536 (offset 0)
Ignoring wrong pointing object 3645 65536 (offset 0)
Ignoring wrong pointing object 3651 65536 (offset 0)
Ignoring wrong pointing object 3662 65536 (offset 0)
Ignoring wrong pointing object 3668 65536 (offset 0)
Ignoring wrong pointing object 3674 65536 (offset 0)
Ignoring wrong pointing object 3680 65536 (offset 0)
Ignoring wrong pointing object 3686 65536 (offset 0)
Ignoring wrong pointing object 3692 65536 (offset 0)
Ignoring wrong pointing object 3698 65536 (offset 0)
Ignoring wrong pointing object 3704 65536 (offset 0)
Ignoring wrong pointing object 3710 65536 (offset 0)
Ignoring wrong pointing object 3718 65536 (offset 0)
Ignoring wrong pointing object 3724 65536 (offset 0)
Ignoring wrong pointing object 3730 65536 (offset 0)
Ignoring wrong pointing object 3741 65536 (offset 0)
Ignoring wrong pointing object 3750 65536 (offset 0)
Ignoring wrong pointing object 3756 65536 (offset 0)
Ignoring wrong pointing object 3762 65536 (offset 0)
Ignoring wrong pointing object 3769 65536 (offset 0)
Ignoring wrong pointing object 3775 65536 (offset 0)
Ignoring wrong pointing object 3781 65536 (offset 0)
Ignoring wrong pointing object 3787 65536 (offset 0)
Ignoring wrong pointing object 3793 65536 (offset 0)
Ignoring wrong pointing object 3799 65536 (offset 0)
Ignoring wrong pointing object 3805 65536 (offset 0)
Ignoring wrong pointing object 3811 65536 (offset 0)
Ignoring wrong pointing object 3817 65536 (offset 0)
Ignoring wrong pointing object 3823 65536 (offset 0)
Ignoring wrong pointing object 3829 65536 (offset 0)
Ignoring wrong pointing object 3835 65536 (offset 0)
Ignoring wrong pointing object 3841 65536 (offset 0)
Ignoring wrong pointing object 3847 65536 (offset 0)
Ignoring wrong pointing object 3853 65536 (offset 0)
Ignoring wrong pointing object 3859 65536 (offset 0)
Ignoring wrong pointing object 3869 65536 (offset 0)
Ignoring wrong pointing object 3875 65536 (offset 0)
Ignoring wrong pointing object 3881 65536 (offset 0)
Ignoring wrong pointing object 3887 65536 (offset 0)
Ignoring wrong pointing object 3893 65536 (offset 0)
Ignoring wrong pointing object 3899 65536 (offset 0)
Ignoring wrong pointing object 3905 65536 (offset 0)
Ignoring wrong pointing object 3911 65536 (offset 0)
Ignoring wrong pointing object 3917 65536 (offset 0)
Ignoring wrong pointing object 3923 65536 (offset 0)
Ignoring wrong pointing object 3929 65536 (offset 0)
Ignoring wrong pointing object 3935 65536 (offset 0)
Ignoring wrong pointing object 3941 65536 (offset 0)
Ignoring wrong pointing object 3947 65536 (offset 0)
Ignoring wrong pointing object 3953 65536 (offset 0)
Ignoring wrong pointing object 3966 65536 (offset 0)
Ignoring wrong pointing object 3972 65536 (offset 0)
Ignoring wrong pointing object 3980 65536 (offset 0)
Ignoring wrong pointing object 3986 65536 (offset 0)
Ignoring wrong pointing object 3992 65536 (offset 0)
Ignoring wrong pointing object 3998 65536 (offset 0)
Ignoring wrong pointing object 4004 65536 (offset 0)
Ignoring wrong pointing object 4010 65536 (offset 0)
Ignoring wrong pointing object 4016 65536 (offset 0)
Ignoring wrong pointing object 4022 65536 (offset 0)
Ignoring wrong pointing object 4028 65536 (offset 0)
Ignoring wrong pointing object 4034 65536 (offset 0)
Ignoring wrong pointing object 4040 65536 (offset 0)
Ignoring wrong pointing object 4050 65536 (offset 0)
Ignoring wrong pointing object 4059 65536 (offset 0)
Ignoring wrong pointing object 4065 65536 (offset 0)
Ignoring wrong pointing object 4071 65536 (offset 0)
Ignoring wrong pointing object 4077 65536 (offset 0)
Ignoring wrong pointing object 4083 65536 (offset 0)
Ignoring wrong pointing object 4093 65536 (offset 0)
Ignoring wrong pointing object 4099 65536 (offset 0)
Ignoring wrong pointing object 4110 65536 (offset 0)
Ignoring wrong pointing object 4116 65536 (offset 0)
Ignoring wrong pointing object 4122 65536 (offset 0)
Ignoring wrong pointing object 4134 65536 (offset 0)
Ignoring wrong pointing object 4141 65536 (offset 0)
Ignoring wrong pointing object 4147 65536 (offset 0)
Ignoring wrong pointing object 4154 65536 (offset 0)
Ignoring wrong pointing object 4160 65536 (offset 0)
Ignoring wrong pointing object 4166 65536 (offset 0)
Ignoring wrong pointing object 4172 65536 (offset 0)
Ignoring wrong pointing object 4178 65536 (offset 0)
Ignoring wrong pointing object 4184 65536 (offset 0)
Ignoring wrong pointing object 4190 65536 (offset 0)
Ignoring wrong pointing object 4196 65536 (offset 0)
Ignoring wrong pointing object 4202 65536 (offset 0)
Ignoring wrong pointing object 4208 65536 (offset 0)
Ignoring wrong pointing object 4217 65536 (offset 0)
Ignoring wrong pointing object 4226 65536 (offset 0)
Ignoring wrong pointing object 4232 65536 (offset 0)
Ignoring wrong pointing object 4238 65536 (offset 0)
Ignoring wrong pointing object 4244 65536 (offset 0)
Ignoring wrong pointing object 4250 65536 (offset 0)
Ignoring wrong pointing object 4256 65536 (offset 0)
Ignoring wrong pointing object 4262 65536 (offset 0)
Ignoring wrong pointing object 4268 65536 (offset 0)
Ignoring wrong pointing object 4274 65536 (offset 0)
Ignoring wrong pointing object 4280 65536 (offset 0)
Ignoring wrong pointing object 4286 65536 (offset 0)
Ignoring wrong pointing object 4292 65536 (offset 0)
Ignoring wrong pointing object 4298 65536 (offset 0)
Ignoring wrong pointing object 4304 65536 (offset 0)
Ignoring wrong pointing object 4310 65536 (offset 0)
Ignoring wrong pointing object 4316 65536 (offset 0)
Ignoring wrong pointing object 4322 65536 (offset 0)
Ignoring wrong pointing object 4330 65536 (offset 0)
Ignoring wrong pointing object 4336 65536 (offset 0)
Ignoring wrong pointing object 4342 65536 (offset 0)
Ignoring wrong pointing object 4348 65536 (offset 0)
Ignoring wrong pointing object 4354 65536 (offset 0)
Ignoring wrong pointing object 4360 65536 (offset 0)
Ignoring wrong pointing object 4366 65536 (offset 0)
Ignoring wrong pointing object 4372 65536 (offset 0)
Ignoring wrong pointing object 4378 65536 (offset 0)
Ignoring wrong pointing object 4384 65536 (offset 0)
Ignoring wrong pointing object 4390 65536 (offset 0)
Ignoring wrong pointing object 4396 65536 (offset 0)
Ignoring wrong pointing object 4402 65536 (offset 0)
Ignoring wrong pointing object 4408 65536 (offset 0)
Ignoring wrong pointing object 4414 65536 (offset 0)
Ignoring wrong pointing object 4420 65536 (offset 0)
Ignoring wrong pointing object 4426 65536 (offset 0)
Ignoring wrong pointing object 4432 65536 (offset 0)
Ignoring wrong pointing object 4439 65536 (offset 0)
Ignoring wrong pointing object 4448 65536 (offset 0)
Ignoring wrong pointing object 4454 65536 (offset 0)
Ignoring wrong pointing object 4460 65536 (offset 0)
Ignoring wrong pointing object 4468 65536 (offset 0)
Ignoring wrong pointing object 4474 65536 (offset 0)
Ignoring wrong pointing object 4480 65536 (offset 0)
Ignoring wrong pointing object 4486 65536 (offset 0)
Ignoring wrong pointing object 4496 65536 (offset 0)
Ignoring wrong pointing object 4502 65536 (offset 0)
Ignoring wrong pointing object 4508 65536 (offset 0)
Ignoring wrong pointing object 4514 65536 (offset 0)
Ignoring wrong pointing object 4520 65536 (offset 0)
Ignoring wrong pointing object 4531 65536 (offset 0)
Ignoring wrong pointing object 4537 65536 (offset 0)
Ignoring wrong pointing object 4546 65536 (offset 0)
Ignoring wrong pointing object 4552 65536 (offset 0)
Ignoring wrong pointing object 4558 65536 (offset 0)
Ignoring wrong pointing object 4564 65536 (offset 0)
Ignoring wrong pointing object 4570 65536 (offset 0)
Ignoring wrong pointing object 4576 65536 (offset 0)
Ignoring wrong pointing object 4582 65536 (offset 0)
Ignoring wrong pointing object 4588 65536 (offset 0)
Ignoring wrong pointing object 4594 65536 (offset 0)
Ignoring wrong pointing object 4600 65536 (offset 0)
Ignoring wrong pointing object 4606 65536 (offset 0)
Ignoring wrong pointing object 4612 65536 (offset 0)
Ignoring wrong pointing object 4618 65536 (offset 0)
Ignoring wrong pointing object 4624 65536 (offset 0)
Ignoring wrong pointing object 4630 65536 (offset 0)
Ignoring wrong pointing object 4636 65536 (offset 0)
Ignoring wrong pointing object 4642 65536 (offset 0)
Ignoring wrong pointing object 4648 65536 (offset 0)
Ignoring wrong pointing object 4654 65536 (offset 0)
Ignoring wrong pointing object 4662 65536 (offset 0)
Ignoring wrong pointing object 4668 65536 (offset 0)
Ignoring wrong pointing object 4678 65536 (offset 0)
Ignoring wrong pointing object 4693 65536 (offset 0)
Ignoring wrong pointing object 4711 65536 (offset 0)
Ignoring wrong pointing object 4724 65536 (offset 0)
Ignoring wrong pointing object 4736 65536 (offset 0)
Ignoring wrong pointing object 4745 65536 (offset 0)
Ignoring wrong pointing object 4751 65536 (offset 0)
Ignoring wrong pointing object 4760 65536 (offset 0)
Ignoring wrong pointing object 4769 65536 (offset 0)
Ignoring wrong pointing object 4782 65536 (offset 0)
Ignoring wrong pointing object 4791 65536 (offset 0)
Ignoring wrong pointing object 4800 65536 (offset 0)
Ignoring wrong pointing object 4806 65536 (offset 0)
Ignoring wrong pointing object 4812 65536 (offset 0)
Ignoring wrong pointing object 4818 65536 (offset 0)
Ignoring wrong pointing object 4824 65536 (offset 0)
Ignoring wrong pointing object 4830 65536 (offset 0)
Ignoring wrong pointing object 4836 65536 (offset 0)
Ignoring wrong pointing object 4846 65536 (offset 0)
Ignoring wrong pointing object 4855 65536 (offset 0)
Ignoring wrong pointing object 4863 65536 (offset 0)
Ignoring wrong pointing object 4872 65536 (offset 0)
Ignoring wrong pointing object 4879 65536 (offset 0)
Ignoring wrong pointing object 4885 65536 (offset 0)
Ignoring wrong pointing object 4891 65536 (offset 0)
Ignoring wrong pointing object 4897 65536 (offset 0)
Ignoring wrong pointing object 4903 65536 (offset 0)
Ignoring wrong pointing object 4909 65536 (offset 0)
Ignoring wrong pointing object 4915 65536 (offset 0)
Ignoring wrong pointing object 4922 65536 (offset 0)
Ignoring wrong pointing object 4928 65536 (offset 0)
Ignoring wrong pointing object 4934 65536 (offset 0)
Ignoring wrong pointing object 4940 65536 (offset 0)
Ignoring wrong pointing object 4946 65536 (offset 0)
Ignoring wrong pointing object 4955 65536 (offset 0)
Ignoring wrong pointing object 4961 65536 (offset 0)
Ignoring wrong pointing object 4967 65536 (offset 0)
Ignoring wrong pointing object 4973 65536 (offset 0)
Ignoring wrong pointing object 4979 65536 (offset 0)
Ignoring wrong pointing object 4986 65536 (offset 0)
Ignoring wrong pointing object 4992 65536 (offset 0)
Ignoring wrong pointing object 4998 65536 (offset 0)
Ignoring wrong pointing object 5004 65536 (offset 0)
Ignoring wrong pointing object 5010 65536 (offset 0)
Ignoring wrong pointing object 5016 65536 (offset 0)
Ignoring wrong pointing object 5022 65536 (offset 0)
Ignoring wrong pointing object 5028 65536 (offset 0)
Ignoring wrong pointing object 5034 65536 (offset 0)
Ignoring wrong pointing object 5041 65536 (offset 0)
Ignoring wrong pointing object 5050 65536 (offset 0)
Ignoring wrong pointing object 5056 65536 (offset 0)
Ignoring wrong pointing object 5062 65536 (offset 0)
Ignoring wrong pointing object 5068 65536 (offset 0)
Ignoring wrong pointing object 5074 65536 (offset 0)
Ignoring wrong pointing object 5080 65536 (offset 0)
Ignoring wrong pointing object 5087 65536 (offset 0)
Ignoring wrong pointing object 5093 65536 (offset 0)
Ignoring wrong pointing object 5099 65536 (offset 0)
Ignoring wrong pointing object 5105 65536 (offset 0)
Ignoring wrong pointing object 5113 65536 (offset 0)
Ignoring wrong pointing object 5119 65536 (offset 0)
Ignoring wrong pointing object 5125 65536 (offset 0)
Ignoring wrong pointing object 5134 65536 (offset 0)
Ignoring wrong pointing object 5140 65536 (offset 0)
Ignoring wrong pointing object 5150 65536 (offset 0)
Ignoring wrong pointing object 5159 65536 (offset 0)
Ignoring wrong pointing object 5165 65536 (offset 0)
Ignoring wrong pointing object 5171 65536 (offset 0)
Ignoring wrong pointing object 5177 65536 (offset 0)
Ignoring wrong pointing object 5184 65536 (offset 0)
Ignoring wrong pointing object 5190 65536 (offset 0)
Ignoring wrong pointing object 5196 65536 (offset 0)
Ignoring wrong pointing object 5204 65536 (offset 0)
Ignoring wrong pointing object 5210 65536 (offset 0)
Ignoring wrong pointing object 5216 65536 (offset 0)
Ignoring wrong pointing object 5222 65536 (offset 0)
Ignoring wrong pointing object 5228 65536 (offset 0)
Ignoring wrong pointing object 5234 65536 (offset 0)
Ignoring wrong pointing object 5240 65536 (offset 0)
Ignoring wrong pointing object 5250 65536 (offset 0)
Ignoring wrong pointing object 5256 65536 (offset 0)
Ignoring wrong pointing object 5262 65536 (offset 0)
Ignoring wrong pointing object 5268 65536 (offset 0)
Ignoring wrong pointing object 5274 65536 (offset 0)
Ignoring wrong pointing object 5286 65536 (offset 0)
Ignoring wrong pointing object 5292 65536 (offset 0)
Ignoring wrong pointing object 5305 65536 (offset 0)
Ignoring wrong pointing object 5311 65536 (offset 0)
Ignoring wrong pointing object 5317 65536 (offset 0)
Ignoring wrong pointing object 5323 65536 (offset 0)
Ignoring wrong pointing object 5330 65536 (offset 0)
Ignoring wrong pointing object 5341 65536 (offset 0)
Ignoring wrong pointing object 5347 65536 (offset 0)
Ignoring wrong pointing object 5353 65536 (offset 0)
Ignoring wrong pointing object 5359 65536 (offset 0)
Ignoring wrong pointing object 5367 65536 (offset 0)
Ignoring wrong pointing object 5375 65536 (offset 0)
Ignoring wrong pointing object 5382 65536 (offset 0)
Ignoring wrong pointing object 5388 65536 (offset 0)
Ignoring wrong pointing object 5397 65536 (offset 0)
Ignoring wrong pointing object 5403 65536 (offset 0)
Ignoring wrong pointing object 5409 65536 (offset 0)
Ignoring wrong pointing object 5415 65536 (offset 0)
Ignoring wrong pointing object 5421 65536 (offset 0)
Ignoring wrong pointing object 5430 65536 (offset 0)
Ignoring wrong pointing object 5436 65536 (offset 0)
Ignoring wrong pointing object 5443 65536 (offset 0)
Ignoring wrong pointing object 5449 65536 (offset 0)
Ignoring wrong pointing object 5455 65536 (offset 0)
Ignoring wrong pointing object 5461 65536 (offset 0)
Ignoring wrong pointing object 5467 65536 (offset 0)
Ignoring wrong pointing object 5473 65536 (offset 0)
Ignoring wrong pointing object 5483 65536 (offset 0)
Ignoring wrong pointing object 5492 65536 (offset 0)
Ignoring wrong pointing object 5498 65536 (offset 0)
Ignoring wrong pointing object 5504 65536 (offset 0)
Ignoring wrong pointing object 5510 65536 (offset 0)
Ignoring wrong pointing object 5517 65536 (offset 0)
Ignoring wrong pointing object 5523 65536 (offset 0)
Ignoring wrong pointing object 5531 65536 (offset 0)
Ignoring wrong pointing object 5537 65536 (offset 0)
Ignoring wrong pointing object 5545 65536 (offset 0)
Ignoring wrong pointing object 5551 65536 (offset 0)
Ignoring wrong pointing object 5563 65536 (offset 0)
Ignoring wrong pointing object 5569 65536 (offset 0)
Ignoring wrong pointing object 5575 65536 (offset 0)
Ignoring wrong pointing object 5581 65536 (offset 0)
Ignoring wrong pointing object 5587 65536 (offset 0)
Ignoring wrong pointing object 5593 65536 (offset 0)
Ignoring wrong pointing object 5602 65536 (offset 0)
Ignoring wrong pointing object 5608 65536 (offset 0)
Ignoring wrong pointing object 5614 65536 (offset 0)
Ignoring wrong pointing object 5620 65536 (offset 0)
Ignoring wrong pointing object 5628 65536 (offset 0)
Ignoring wrong pointing object 5641 65536 (offset 0)
Ignoring wrong pointing object 5647 65536 (offset 0)
Ignoring wrong pointing object 5653 65536 (offset 0)
Ignoring wrong pointing object 5659 65536 (offset 0)
Ignoring wrong pointing object 5678 65536 (offset 0)
Ignoring wrong pointing object 5684 65536 (offset 0)
Ignoring wrong pointing object 5690 65536 (offset 0)
Ignoring wrong pointing object 5696 65536 (offset 0)
Ignoring wrong pointing object 5702 65536 (offset 0)
Ignoring wrong pointing object 5708 65536 (offset 0)
Ignoring wrong pointing object 5714 65536 (offset 0)
Ignoring wrong pointing object 5720 65536 (offset 0)
Ignoring wrong pointing object 5726 65536 (offset 0)
Ignoring wrong pointing object 5732 65536 (offset 0)
Ignoring wrong pointing object 5744 65536 (offset 0)
Ignoring wrong pointing object 5750 65536 (offset 0)
Ignoring wrong pointing object 5756 65536 (offset 0)
Ignoring wrong pointing object 5762 65536 (offset 0)
Ignoring wrong pointing object 5768 65536 (offset 0)
Ignoring wrong pointing object 5774 65536 (offset 0)
Ignoring wrong pointing object 5780 65536 (offset 0)
Ignoring wrong pointing object 5786 65536 (offset 0)
Ignoring wrong pointing object 5792 65536 (offset 0)
Ignoring wrong pointing object 5798 65536 (offset 0)
Ignoring wrong pointing object 5804 65536 (offset 0)
Ignoring wrong pointing object 5810 65536 (offset 0)
Ignoring wrong pointing object 5819 65536 (offset 0)
Ignoring wrong pointing object 5825 65536 (offset 0)
Ignoring wrong pointing object 5831 65536 (offset 0)
Ignoring wrong pointing object 5837 65536 (offset 0)
Ignoring wrong pointing object 5844 65536 (offset 0)
Ignoring wrong pointing object 5853 65536 (offset 0)
Ignoring wrong pointing object 5859 65536 (offset 0)
Ignoring wrong pointing object 5866 65536 (offset 0)
Ignoring wrong pointing object 5872 65536 (offset 0)
Ignoring wrong pointing object 5878 65536 (offset 0)
Ignoring wrong pointing object 5884 65536 (offset 0)
Ignoring wrong pointing object 5890 65536 (offset 0)
Ignoring wrong pointing object 5897 65536 (offset 0)
Ignoring wrong pointing object 5906 65536 (offset 0)
Ignoring wrong pointing object 5912 65536 (offset 0)
Ignoring wrong pointing object 5918 65536 (offset 0)
Ignoring wrong pointing object 5924 65536 (offset 0)
Ignoring wrong pointing object 5930 65536 (offset 0)
Ignoring wrong pointing object 5936 65536 (offset 0)
Ignoring wrong pointing object 5942 65536 (offset 0)
Ignoring wrong pointing object 5949 65536 (offset 0)
Ignoring wrong pointing object 5958 65536 (offset 0)
Ignoring wrong pointing object 5964 65536 (offset 0)
Ignoring wrong pointing object 5970 65536 (offset 0)
Ignoring wrong pointing object 5976 65536 (offset 0)
Ignoring wrong pointing object 5982 65536 (offset 0)
Ignoring wrong pointing object 5989 65536 (offset 0)
Ignoring wrong pointing object 6000 65536 (offset 0)
Ignoring wrong pointing object 6006 65536 (offset 0)
Ignoring wrong pointing object 6013 65536 (offset 0)
Ignoring wrong pointing object 6020 65536 (offset 0)
Ignoring wrong pointing object 6026 65536 (offset 0)
Ignoring wrong pointing object 6032 65536 (offset 0)
Ignoring wrong pointing object 6038 65536 (offset 0)
Ignoring wrong pointing object 6044 65536 (offset 0)
Ignoring wrong pointing object 6050 65536 (offset 0)
Ignoring wrong pointing object 6056 65536 (offset 0)
Ignoring wrong pointing object 6062 65536 (offset 0)
Ignoring wrong pointing object 6068 65536 (offset 0)
Ignoring wrong pointing object 6074 65536 (offset 0)
Ignoring wrong pointing object 6080 65536 (offset 0)
Ignoring wrong pointing object 6086 65536 (offset 0)
Ignoring wrong pointing object 6092 65536 (offset 0)
Ignoring wrong pointing object 6098 65536 (offset 0)
Ignoring wrong pointing object 6104 65536 (offset 0)
Ignoring wrong pointing object 6110 65536 (offset 0)
Ignoring wrong pointing object 6116 65536 (offset 0)
Ignoring wrong pointing object 6122 65536 (offset 0)
Ignoring wrong pointing object 6128 65536 (offset 0)
Ignoring wrong pointing object 6134 65536 (offset 0)
Ignoring wrong pointing object 6140 65536 (offset 0)
Ignoring wrong pointing object 6146 65536 (offset 0)
Ignoring wrong pointing object 6153 65536 (offset 0)
Ignoring wrong pointing object 6162 65536 (offset 0)
Ignoring wrong pointing object 6168 65536 (offset 0)
Ignoring wrong pointing object 6176 65536 (offset 0)
Ignoring wrong pointing object 6182 65536 (offset 0)
Ignoring wrong pointing object 6188 65536 (offset 0)
Ignoring wrong pointing object 6194 65536 (offset 0)
Ignoring wrong pointing object 6200 65536 (offset 0)
Ignoring wrong pointing object 6206 65536 (offset 0)
Ignoring wrong pointing object 6218 65536 (offset 0)
Ignoring wrong pointing object 6224 65536 (offset 0)
Ignoring wrong pointing object 6230 65536 (offset 0)
Ignoring wrong pointing object 6236 65536 (offset 0)
Ignoring wrong pointing object 6242 65536 (offset 0)
Ignoring wrong pointing object 6248 65536 (offset 0)
Ignoring wrong pointing object 6254 65536 (offset 0)
Ignoring wrong pointing object 6260 65536 (offset 0)
Ignoring wrong pointing object 6266 65536 (offset 0)
Ignoring wrong pointing object 6272 65536 (offset 0)
Ignoring wrong pointing object 6281 65536 (offset 0)
Ignoring wrong pointing object 6287 65536 (offset 0)
Ignoring wrong pointing object 6293 65536 (offset 0)
Ignoring wrong pointing object 6300 65536 (offset 0)
Ignoring wrong pointing object 6309 65536 (offset 0)
Ignoring wrong pointing object 6315 65536 (offset 0)
Ignoring wrong pointing object 6321 65536 (offset 0)
Ignoring wrong pointing object 6327 65536 (offset 0)
Ignoring wrong pointing object 6333 65536 (offset 0)
Ignoring wrong pointing object 6345 65536 (offset 0)
Ignoring wrong pointing object 6351 65536 (offset 0)
Ignoring wrong pointing object 6357 65536 (offset 0)
Ignoring wrong pointing object 6363 65536 (offset 0)
Ignoring wrong pointing object 6370 65536 (offset 0)
Ignoring wrong pointing object 6376 65536 (offset 0)
Ignoring wrong pointing object 6383 65536 (offset 0)
Ignoring wrong pointing object 6392 65536 (offset 0)
Ignoring wrong pointing object 6398 65536 (offset 0)
Ignoring wrong pointing object 6404 65536 (offset 0)
Ignoring wrong pointing object 6415 65536 (offset 0)
Ignoring wrong pointing object 6421 65536 (offset 0)
Ignoring wrong pointing object 6428 65536 (offset 0)
Ignoring wrong pointing object 6436 65536 (offset 0)
Ignoring wrong pointing object 6442 65536 (offset 0)
Ignoring wrong pointing object 6448 65536 (offset 0)
Ignoring wrong pointing object 6454 65536 (offset 0)
Ignoring wrong pointing object 6460 65536 (offset 0)
Ignoring wrong pointing object 6466 65536 (offset 0)
Ignoring wrong pointing object 6472 65536 (offset 0)
Ignoring wrong pointing object 6478 65536 (offset 0)
Ignoring wrong pointing object 6484 65536 (offset 0)
Ignoring wrong pointing object 6490 65536 (offset 0)
Ignoring wrong pointing object 6496 65536 (offset 0)
Ignoring wrong pointing object 6502 65536 (offset 0)
Ignoring wrong pointing object 6508 65536 (offset 0)
Ignoring wrong pointing object 6514 65536 (offset 0)
Ignoring wrong pointing object 6520 65536 (offset 0)
Ignoring wrong pointing object 6526 65536 (offset 0)
Ignoring wrong pointing object 6532 65536 (offset 0)
Ignoring wrong pointing object 6538 65536 (offset 0)
Ignoring wrong pointing object 6544 65536 (offset 0)
Ignoring wrong pointing object 6550 65536 (offset 0)
Ignoring wrong pointing object 6556 65536 (offset 0)
Ignoring wrong pointing object 6562 65536 (offset 0)
Ignoring wrong pointing object 6568 65536 (offset 0)
Ignoring wrong pointing object 6574 65536 (offset 0)
Ignoring wrong pointing object 6580 65536 (offset 0)
Ignoring wrong pointing object 6586 65536 (offset 0)
Ignoring wrong pointing object 6592 65536 (offset 0)
Ignoring wrong pointing object 6599 65536 (offset 0)
Ignoring wrong pointing object 6608 65536 (offset 0)
Ignoring wrong pointing object 6614 65536 (offset 0)
Ignoring wrong pointing object 6620 65536 (offset 0)
  Total pages: 929
  Extracted 1788704 characters of text
Step 2: Parsing individual standards...
  Found 577 potential standard sections
  Successfully parsed 562 standard entries
  Total unique standard codes found: 872
Step 3: Creating document objects...
Step 4: Chunking documents...
  Final: 2926 document chunks from 562 standards
Step 5: Creating page-level fallback chunks...
  Total documents (standards + page chunks): 5326
  Saved 872 known codes to D:\bis-rag-engine\known_codes.json

Building vectorstore...
  Embedding 5326 documents...
